[ten_day] 1000RATSUSDT.html signals=2
[ten_day] AAOIUSDT.html signals=1
[ten_day] AKEUSDT.html signals=1
[ten_day] ALLOUSDT.html signals=3
[ten_day] AXTIUSDT.html signals=2
[ten_day] BANKUSDT.html signals=1
[ten_day] BEATUSDT.html signals=2
[ten_day] BICOUSDT.html signals=2
[ten_day] BLESSUSDT.html signals=2
[ten_day] BTWUSDT.html signals=5
[ten_day] C98USDT.html signals=1
[ten_day] COTIUSDT.html signals=1
[ten_day] CRCLUSDT.html signals=1
[ten_day] CYSUSDT.html signals=3
[ten_day] DRAMUSDT.html signals=1
[ten_day] EULUSDT.html signals=1
[ten_day] GIGGLEUSDT.html signals=3
[ten_day] GWEIUSDT.html signals=2
[ten_day] HEIUSDT.html signals=1
[ten_day] HOMEUSDT.html signals=1
[ten_day] INTCUSDT.html signals=1
[ten_day] KAITOUSDT.html signals=1
[ten_day] KORUUSDT.html signals=1
[ten_day] LITEUSDT.html signals=1
[ten_day] MRVLUSDT.html signals=2
[ten_day] MUUUSDT.html signals=2
[ten_day] MVLLUSDT.html signals=1
[ten_day] NBISUSDT.html signals=1
[ten_day] ONUSDT.html signals=1
[ten_day] PLTRUSDT.html signals=1
[ten_day] PUMPUSDT.html signals=3
[ten_day] SKHYNIXUSDT.html signals=1
[ten_day] SKYAIUSDT.html signals=1
[ten_day] SNDKUSDT.html signals=1
[ten_day] SOXLUSDT.html signals=1
[ten_day] UAIUSDT.html signals=1
[ten_day] UBUSDT.html signals=1
[ten_day] XANUSDT.html signals=2
[ten_day] LONGXIAUSDT.html signals=1
done -> /workspace/docs/charts/ten_day symbols 39 signals 60
